
> solen@0.1.0 build
> next build

   ▲ Next.js 15.3.8


> Build error occurred
Error: You cannot use different slug names for the same dynamic path ('salonId' !== 'slug').
    at Array.forEach (<anonymous>)
